---
source: src/data_crawling/krx.rs
expression: test_xlsx_individual(output_path).unwrap()
---
060310 15 33

