---
source: src/data_crawling/krx.rs
expression: test_xlsx_with_first_row(output_path).unwrap()
---
095570 AJ네트웍스 KOSPI

